step,loss/approx_kl
10000,21.5488622546196
20000,24.797899997234346
30000,6.563174875080586
40000,17.202239632606506
50000,10.028995448350907
60000,11.214141055941582
70000,13.455960273742676
80000,10.552873170375824
90000,15.957803511619568
100000,11.105318462848663
110000,9.07910788655281
120000,12.73458422422409
130000,21.318126714229585
140000,17.326256883144378
150000,25.20889296531677
160000,23.843979120254517
170000,26.93077642917633
180000,25.29565589427948
190000,17.89669210910797
200000,19.002023303508757
210000,13.715440118312836
220000,19.05962471961975
230000,14.36889568567276
240000,7.689917585253715
250000,21.77901945114136
260000,29.985134506225585
270000,14.712195020914077
280000,21.780886042118073
290000,31.665636587142945
300000,29.148568511009216
310000,22.027030527591705
320000,18.27945883870125
330000,28.408026909828187
340000,13.635120671987533
350000,28.793144965171813
360000,24.392333018779755
370000,5.693096096813679
380000,33.07269923686981
390000,17.269023364782335
400000,22.084425306320192
410000,22.501867032051088
420000,16.336243760585784
430000,32.67991256713867
440000,23.20732514858246
450000,25.504635858535767
460000,21.420000159740447
470000,28.127166175842284
480000,30.9012681722641
490000,17.105915081501006
500000,16.282520139217375
