step,adv_reward/adv_reward_temperature
2000,15.0
4000,15.0
6000,15.0
8000,15.0
10000,15.0
12000,15.0
14000,15.0
16000,15.0
18000,15.0
20000,15.0
22000,15.0
24000,15.0
26000,15.0
28000,15.0
30000,15.0
32000,15.0
34000,15.0
36000,15.0
38000,15.0
40000,15.0
42000,15.0
44000,15.0
46000,15.0
48000,15.0
50000,15.0
52000,15.0
54000,15.0
56000,15.0
58000,15.0
60000,15.0
62000,15.0
64000,15.0
66000,15.0
68000,15.0
70000,15.0
72000,15.0
74000,15.0
76000,15.0
78000,15.0
80000,15.0
82000,15.0
84000,15.0
86000,15.0
88000,15.0
90000,15.0
92000,15.0
94000,15.0
96000,15.0
98000,15.0
100000,15.0
