step,loss/approx_kl
10000,21.5488622546196
20000,24.797899997234346
30000,6.563174875080586
40000,17.202239632606506
50000,10.028995448350907
60000,11.214141055941582
70000,13.455960273742676
80000,10.552873170375824
90000,15.957803511619568
100000,11.105318462848663
110000,9.07910788655281
120000,12.73458422422409
130000,20.970374476909637
140000,31.854825854301453
150000,24.6823664188385
160000,30.077767658233643
170000,28.14683895111084
180000,24.416839873790742
190000,28.46131134033203
200000,30.336391377449036
210000,21.778355073928832
220000,24.484529900550843
230000,20.306268095970154
240000,32.770830273628235
250000,30.41534905433655
260000,22.51370588541031
270000,29.62005170583725
280000,20.276162958145143
290000,27.134362626075745
300000,25.948512530326845
310000,17.670035421848297
320000,27.805386352539063
330000,21.879154014587403
340000,30.105602025985718
350000,37.9526198387146
360000,12.392319077253342
370000,25.34587551355362
380000,20.38122453689575
390000,22.748650443553924
400000,13.649166798591613
410000,24.293652057647705
420000,22.893703162670135
430000,18.733749556541444
440000,15.528519749641418
450000,18.692593640089036
460000,22.273485207557677
470000,31.2939551115036
480000,35.413702082633975
490000,23.82151018381119
500000,18.782487535476683
