nohup: ignoring input
/home/admin05/miniconda3/envs/safe/lib/python3.10/site-packages/munch/__init__.py:24: UserWarning: pkg_resources is deprecated as an API. See https://setuptools.pypa.io/en/latest/pkg_resources.html. The pkg_resources package is slated for removal as early as 2025-11-30. Refrain from using this package or pin to Setuptools<81.
  import pkg_resources
pybullet build time: Jan 29 2025 23:16:28
/home/admin05/miniconda3/envs/safe/lib/python3.10/site-packages/gymnasium/spaces/box.py:130: UserWarning: [33mWARN: Box bound precision lowered by casting to float32[0m
  gym.logger.warn(f"Box bound precision lowered by casting to {self.dtype}")
/home/admin05/miniconda3/envs/safe/lib/python3.10/site-packages/gymnasium/spaces/box.py:130: UserWarning: [33mWARN: Box bound precision lowered by casting to float32[0m
  gym.logger.warn(f"Box bound precision lowered by casting to {self.dtype}")
 0.00164  |
|    adv_reward_scaled... | 0.000895 |
|    adv_reward_squash... | 0.00257  |
|    adv_reward_squash... | 0.00164  |
|    adv_reward_squash... | 0.000895 |
|    adv_reward_temper... | 500      |
| loss/                   |          |
|    approx_kl            | 0.058    |
|    entropy_loss         | -0.927   |
|    policy_loss          | 0.0175   |
|    value_loss           | 0.000159 |
| stat/                   |          |
|    constraint_violation | 1.15e+03 |
|    ep_constraint_vio... | 14.9     |
|    ep_length            | 30.2     |
|    ep_return            | 10.2     |
|    ep_reward            | 0.363    |
|    step_time            | 0.679    |
| stat_eval/              |          |
|    constraint_violation | 65.3     |
|    ep_length            | 150      |
|    ep_return            | 0.191    |
|    ep_reward            | 0.00128  |
|    mse                  | 485      |
|    step_time            | 4.93     |
| time/                   |          |
|    progress             | 0.02     |
|    step                 | 2e+03    |
--------------------------------------

Traceback (most recent call last):
  File "/home/admin05/miniconda3/envs/safe/lib/python3.10/xml/etree/ElementTree.py", line 757, in _get_writer
    write = file_or_filename.write
AttributeError: 'str' object has no attribute 'write'

During handling of the above exception, another exception occurred:

Traceback (most recent call last):
  File "/home/admin05/safe-control-gym/experiments/adversarial/train_rl.py", line 87, in <module>
    train()
  File "/home/admin05/safe-control-gym/experiments/adversarial/train_rl.py", line 61, in train
    ctrl.learn()
  File "/home/admin05/safe-control-gym/safe_control_gym/controllers/ppo/ppo.py", line 170, in learn
    results = self.train_step()
  File "/home/admin05/safe-control-gym/safe_control_gym/controllers/ppo/ppo.py", line 343, in train_step
    next_obs, rew, done, info = self.env.step(action)
  File "/home/admin05/safe-control-gym/safe_control_gym/envs/env_wrappers/vectorized_env/vec_env.py", line 81, in step
    return self.step_wait()
  File "/home/admin05/safe-control-gym/safe_control_gym/envs/env_wrappers/record_episode_statistics.py", line 140, in step_wait
    obs, reward, done, info = self.venv.step_wait()
  File "/home/admin05/safe-control-gym/safe_control_gym/envs/env_wrappers/vectorized_env/dummy_vec_env.py", line 36, in step_wait
    obs, info = self.envs[i].reset()
  File "/home/admin05/safe-control-gym/safe_control_gym/envs/gym_control/cartpole.py", line 300, in reset
    override_urdf_tree.write(self.override_path)
  File "/home/admin05/miniconda3/envs/safe/lib/python3.10/xml/etree/ElementTree.py", line 731, in write
    with _get_writer(file_or_filename, encoding) as (write, declared_encoding):
  File "/home/admin05/miniconda3/envs/safe/lib/python3.10/contextlib.py", line 135, in __enter__
    return next(self.gen)
  File "/home/admin05/miniconda3/envs/safe/lib/python3.10/xml/etree/ElementTree.py", line 762, in _get_writer
    with open(file_or_filename, "w", encoding=encoding,
FileNotFoundError: [Errno 2] No such file or directory: './models/cartpole_adv_v5/pid-45326_id-2_cartpole.urdf'
rm -f libacados_ocp_solver_cartpole.so
rm -f acados_solver_cartpole.o
cc -fPIC -std=c99   -O2 -I/home/admin05/acados/include -I/home/admin05/acados/include/acados -I/home/admin05/acados/include/blasfeo/include -I/home/admin05/acados/include/hpipm/include  -c -o acados_solver_cartpole.o acados_solver_cartpole.c
cc -fPIC -std=c99   -O2 -I/home/admin05/acados/include -I/home/admin05/acados/include/acados -I/home/admin05/acados/include/blasfeo/include -I/home/admin05/acados/include/hpipm/include  -c -o cartpole_model/cartpole_expl_ode_fun.o cartpole_model/cartpole_expl_ode_fun.c
cc -fPIC -std=c99   -O2 -I/home/admin05/acados/include -I/home/admin05/acados/include/acados -I/home/admin05/acados/include/blasfeo/include -I/home/admin05/acados/include/hpipm/include  -c -o cartpole_model/cartpole_expl_vde_forw.o cartpole_model/cartpole_expl_vde_forw.c
cc -fPIC -std=c99   -O2 -I/home/admin05/acados/include -I/home/admin05/acados/include/acados -I/home/admin05/acados/include/blasfeo/include -I/home/admin05/acados/include/hpipm/include  -c -o cartpole_model/cartpole_expl_vde_adj.o cartpole_model/cartpole_expl_vde_adj.c
cc -shared acados_solver_cartpole.o cartpole_model/cartpole_expl_ode_fun.o cartpole_model/cartpole_expl_vde_forw.o cartpole_model/cartpole_expl_vde_adj.o -o libacados_ocp_solver_cartpole.so -L/home/admin05/acados/lib -lacados -lhpipm -lblasfeo -lm \
-L -l
/home/admin05/miniconda3/envs/safe/lib/python3.10/site-packages/torch/nn/functional.py:1956: UserWarning: nn.functional.tanh is deprecated. Use torch.tanh instead.
  warnings.warn("nn.functional.tanh is deprecated. Use torch.tanh instead.")
Fields cost.[zl_0, zu_0, Zl_0, Zu_0] are not provided.
Using entries [zl, zu, Zl, Zu] at initial node for slack penalties.

acados was compiled without OpenMP.
Checkpoint | ./models/cartpole_adv_v5/model_latest.pt
Eval | ep_lengths 150.00 +/- 0.00 | ep_return 0.191 +/- 0.003

--------------------------------------
| adv_reward/             |          |
|    adv_reward_raw_max   | 1.28     |
|    adv_reward_raw_mean  | 0.819    |
|    adv_reward_raw_min   | 0.448    |
|    adv_reward_scaled... | 0.00257  |
|    adv_reward_scaled... | 0.00164  |
|    adv_reward_scaled... | 0.000895 |
|    adv_reward_squash... | 0.00257  |
|    adv_reward_squash... | 0.00164  |
|    adv_reward_squash... | 0.000895 |
|    adv_reward_temper... | 500      |
| loss/                   |          |
|    approx_kl            | 0.058    |
|    entropy_loss         | -0.927   |
|    policy_loss          | 0.0175   |
|    value_loss           | 0.000159 |
| stat/                   |          |
|    constraint_violation | 1.15e+03 |
|    ep_constraint_vio... | 14.9     |
|    ep_length            | 30.2     |
|    ep_return            | 10.2     |
|    ep_reward            | 0.363    |
|    step_time            | 0.758    |
| stat_eval/              |          |
|    constraint_violation | 65.3     |
|    ep_length            | 150      |
|    ep_return            | 0.191    |
|    ep_reward            | 0.00128  |
|    mse                  | 485      |
|    step_time            | 5.7      |
| time/                   |          |
|    progress             | 0.02     |
|    step                 | 2e+03    |
--------------------------------------

Checkpoint | ./models/cartpole_adv_v5/model_latest.pt
Eval | ep_lengths 150.00 +/- 0.00 | ep_return 0.193 +/- 0.003

--------------------------------------
| adv_reward/             |          |
|    adv_reward_raw_max   | 1.35     |
|    adv_reward_raw_mean  | 0.956    |
|    adv_reward_raw_min   | 0.792    |
|    adv_reward_scaled... | 0.0027   |
|    adv_reward_scaled... | 0.00191  |
|    adv_reward_scaled... | 0.00158  |
|    adv_reward_squash... | 0.0027   |
|    adv_reward_squash... | 0.00191  |
|    adv_reward_squash... | 0.00158  |
|    adv_reward_temper... | 500      |
| loss/                   |          |
|    approx_kl            | 0.0524   |
|    entropy_loss         | -0.927   |
|    policy_loss          | 0.043    |
|    value_loss           | 0.000329 |
| stat/                   |          |
|    constraint_violation | 2.4e+03  |
|    ep_constraint_vio... | 11.3     |
|    ep_length            | 15.1     |
|    ep_return            | 6.83     |
|    ep_reward            | 0.452    |
|    step_time            | 0.653    |
| stat_eval/              |          |
|    constraint_violation | 72.9     |
|    ep_length            | 150      |
|    ep_return            | 0.193    |
|    ep_reward            | 0.00129  |
|    mse                  | 510      |
|    step_time            | 5.34     |
| time/                   |          |
|    progress             | 0.04     |
|    step                 | 4e+03    |
--------------------------------------

Checkpoint | ./models/cartpole_adv_v5/model_latest.pt
Eval | ep_lengths 150.00 +/- 0.00 | ep_return 0.194 +/- 0.003

--------------------------------------
| adv_reward/             |          |
|    adv_reward_raw_max   | 1.38     |
|    adv_reward_raw_mean  | 0.87     |
|    adv_reward_raw_min   | 0.53     |
|    adv_reward_scaled... | 0.00276  |
|    adv_reward_scaled... | 0.00174  |
|    adv_reward_scaled... | 0.00106  |
|    adv_reward_squash... | 0.00276  |
|    adv_reward_squash... | 0.00174  |
|    adv_reward_squash... | 0.00106  |
|    adv_reward_temper... | 500      |
| loss/                   |          |
|    approx_kl            | 0.06     |
|    entropy_loss         | -0.927   |
|    policy_loss          | 0.0671   |
|    value_loss           | 8.52e-05 |
| stat/                   |          |
|    constraint_violation | 3.74e+03 |
|    ep_constraint_vio... | 16.7     |
|    ep_length            | 30       |
|    ep_return            | 9.98     |
|    ep_reward            | 0.433    |
|    step_time            | 0.771    |
| stat_eval/              |          |
|    constraint_violation | 62.8     |
|    ep_length            | 150      |
|    ep_return            | 0.194    |
|    ep_reward            | 0.0013   |
|    mse                  | 482      |
|    step_time            | 5.29     |
| time/                   |          |
|    progress             | 0.06     |
|    step                 | 6e+03    |
--------------------------------------

Checkpoint | ./models/cartpole_adv_v5/model_latest.pt
Eval | ep_lengths 150.00 +/- 0.00 | ep_return 0.196 +/- 0.001

--------------------------------------
| adv_reward/             |          |
|    adv_reward_raw_max   | 2.82     |
|    adv_reward_raw_mean  | 1.56     |
|    adv_reward_raw_min   | 0.656    |
|    adv_reward_scaled... | 0.00563  |
|    adv_reward_scaled... | 0.00312  |
|    adv_reward_scaled... | 0.00131  |
|    adv_reward_squash... | 0.00563  |
|    adv_reward_squash... | 0.00312  |
|    adv_reward_squash... | 0.00131  |
|    adv_reward_temper... | 500      |
| loss/                   |          |
|    approx_kl            | 0.188    |
|    entropy_loss         | -0.927   |
|    policy_loss          | 0.0166   |
|    value_loss           | 0.000294 |
| stat/                   |          |
|    constraint_violation | 5.04e+03 |
|    ep_constraint_vio... | 16.1     |
|    ep_length            | 27.5     |
|    ep_return            | 9.34     |
|    ep_reward            | 0.444    |
|    step_time            | 0.614    |
| stat_eval/              |          |
|    constraint_violation | 78.2     |
|    ep_length            | 150      |
|    ep_return            | 0.196    |
|    ep_reward            | 0.00131  |
|    mse                  | 528      |
|    step_time            | 5.55     |
| time/                   |          |
|    progress             | 0.08     |
|    step                 | 8e+03    |
--------------------------------------

Checkpoint | ./models/cartpole_adv_v5/model_latest.pt
Eval | ep_lengths 150.00 +/- 0.00 | ep_return 0.193 +/- 0.007

--------------------------------------
| adv_reward/             |          |
|    adv_reward_raw_max   | 0.95     |
|    adv_reward_raw_mean  | 0.831    |
|    adv_reward_raw_min   | 0.672    |
|    adv_reward_scaled... | 0.0019   |
|    adv_reward_scaled... | 0.00166  |
|    adv_reward_scaled... | 0.00134  |
|    adv_reward_squash... | 0.0019   |
|    adv_reward_squash... | 0.00166  |
|    adv_reward_squash... | 0.00134  |
|    adv_reward_temper... | 500      |
| loss/                   |          |
|    approx_kl            | 0.099    |
|    entropy_loss         | -0.926   |
|    policy_loss          | 0.283    |
|    value_loss           | 0.000209 |
| stat/                   |          |
|    constraint_violation | 6.34e+03 |
|    ep_constraint_vio... | 13.5     |
|    ep_length            | 19.6     |
|    ep_return            | 9.18     |
|    ep_reward            | 0.484    |
|    step_time            | 0.634    |
| stat_eval/              |          |
|    constraint_violation | 81.5     |
|    ep_length            | 150      |
|    ep_return            | 0.193    |
|    ep_reward            | 0.00129  |
|    mse                  | 523      |
|    step_time            | 5.13     |
| time/                   |          |
|    progress             | 0.1      |
|    step                 | 1e+04    |
--------------------------------------

Checkpoint | ./models/cartpole_adv_v5/model_latest.pt
Eval | ep_lengths 150.00 +/- 0.00 | ep_return 0.198 +/- 0.002

--------------------------------------
| adv_reward/             |          |
|    adv_reward_raw_max   | 2.1      |
|    adv_reward_raw_mean  | 1.59     |
|    adv_reward_raw_min   | 1.2      |
|    adv_reward_scaled... | 0.00419  |
|    adv_reward_scaled... | 0.00318  |
|    adv_reward_scaled... | 0.0024   |
|    adv_reward_squash... | 0.00419  |
|    adv_reward_squash... | 0.00318  |
|    adv_reward_squash... | 0.0024   |
|    adv_reward_temper... | 500      |
| loss/                   |          |
|    approx_kl            | 0.279    |
|    entropy_loss         | -0.927   |
|    policy_loss          | 0.165    |
|    value_loss           | 4.59e-05 |
| stat/                   |          |
|    constraint_violation | 7.78e+03 |
|    ep_constraint_vio... | 21.6     |
|    ep_length            | 30.6     |
|    ep_return            | 7.24     |
|    ep_reward            | 0.37     |
|    step_time            | 0.605    |
| stat_eval/              |          |
|    constraint_violation | 102      |
|    ep_length            | 150      |
|    ep_return            | 0.198    |
|    ep_reward            | 0.00132  |
|    mse                  | 590      |
|    step_time            | 4.32     |
| time/                   |          |
|    progress             | 0.12     |
|    step                 | 1.2e+04  |
--------------------------------------

Checkpoint | ./models/cartpole_adv_v5/model_latest.pt
Eval | ep_lengths 150.00 +/- 0.00 | ep_return 0.196 +/- 0.006

--------------------------------------
| adv_reward/             |          |
|    adv_reward_raw_max   | 2.65     |
|    adv_reward_raw_mean  | 1.42     |
|    adv_reward_raw_min   | 0.902    |
|    adv_reward_scaled... | 0.00531  |
|    adv_reward_scaled... | 0.00284  |
|    adv_reward_scaled... | 0.0018   |
|    adv_reward_squash... | 0.00531  |
|    adv_reward_squash... | 0.00284  |
|    adv_reward_squash... | 0.0018   |
|    adv_reward_temper... | 500      |
| loss/                   |          |
|    approx_kl            | 0.158    |
|    entropy_loss         | -0.927   |
|    policy_loss          | 0.0153   |
|    value_loss           | 0.000458 |
| stat/                   |          |
|    constraint_violation | 9.1e+03  |
|    ep_constraint_vio... | 12.9     |
|    ep_length            | 14.9     |
|    ep_return            | 5.49     |
|    ep_reward            | 0.367    |
|    step_time            | 0.712    |
| stat_eval/              |          |
|    constraint_violation | 112      |
|    ep_length            | 150      |
|    ep_return            | 0.196    |
|    ep_reward            | 0.00131  |
|    mse                  | 603      |
|    step_time            | 5.38     |
| time/                   |          |
|    progress             | 0.14     |
|    step                 | 1.4e+04  |
--------------------------------------

Checkpoint | ./models/cartpole_adv_v5/model_latest.pt
Eval | ep_lengths 150.00 +/- 0.00 | ep_return 0.196 +/- 0.002

--------------------------------------
| adv_reward/             |          |
|    adv_reward_raw_max   | 1.49     |
|    adv_reward_raw_mean  | 0.877    |
|    adv_reward_raw_min   | 0.532    |
|    adv_reward_scaled... | 0.00297  |
|    adv_reward_scaled... | 0.00175  |
|    adv_reward_scaled... | 0.00106  |
|    adv_reward_squash... | 0.00297  |
|    adv_reward_squash... | 0.00175  |
|    adv_reward_squash... | 0.00106  |
|    adv_reward_temper... | 500      |
| loss/                   |          |
|    approx_kl            | 0.181    |
|    entropy_loss         | -0.927   |
|    policy_loss          | 0.0555   |
|    value_loss           | 0.000234 |
| stat/                   |          |
|    constraint_violation | 1.04e+04 |
|    ep_constraint_vio... | 13       |
|    ep_length            | 19.2     |
|    ep_return            | 8.07     |
|    ep_reward            | 0.399    |
|    step_time            | 0.569    |
| stat_eval/              |          |
|    constraint_violation | 107      |
|    ep_length            | 150      |
|    ep_return            | 0.196    |
|    ep_reward            | 0.00131  |
|    mse                  | 572      |
|    step_time            | 6.01     |
| time/                   |          |
|    progress             | 0.16     |
|    step                 | 1.6e+04  |
--------------------------------------

Checkpoint | ./models/cartpole_adv_v5/model_latest.pt
Eval | ep_lengths 150.00 +/- 0.00 | ep_return 0.197 +/- 0.002

--------------------------------------
| adv_reward/             |          |
|    adv_reward_raw_max   | 2.59     |
|    adv_reward_raw_mean  | 1.71     |
|    adv_reward_raw_min   | 0.942    |
|    adv_reward_scaled... | 0.00517  |
|    adv_reward_scaled... | 0.00342  |
|    adv_reward_scaled... | 0.00188  |
|    adv_reward_squash... | 0.00517  |
|    adv_reward_squash... | 0.00342  |
|    adv_reward_squash... | 0.00188  |
|    adv_reward_temper... | 500      |
| loss/                   |          |
|    approx_kl            | 0.241    |
|    entropy_loss         | -0.927   |
|    policy_loss          | 0.0311   |
|    value_loss           | 0.0001   |
| stat/                   |          |
|    constraint_violation | 1.18e+04 |
|    ep_constraint_vio... | 17.4     |
|    ep_length            | 28.2     |
|    ep_return            | 8.4      |
|    ep_reward            | 0.374    |
|    step_time            | 0.683    |
| stat_eval/              |          |
|    constraint_violation | 105      |
|    ep_length            | 150      |
|    ep_return            | 0.197    |
|    ep_reward            | 0.00131  |
|    mse                  | 593      |
|    step_time            | 5.33     |
| time/                   |          |
|    progress             | 0.18     |
|    step                 | 1.8e+04  |
--------------------------------------

Checkpoint | ./models/cartpole_adv_v5/model_latest.pt
Eval | ep_lengths 150.00 +/- 0.00 | ep_return 0.196 +/- 0.002

--------------------------------------
| adv_reward/             |          |
|    adv_reward_raw_max   | 1.15     |
|    adv_reward_raw_mean  | 0.756    |
|    adv_reward_raw_min   | 0.465    |
|    adv_reward_scaled... | 0.0023   |
|    adv_reward_scaled... | 0.00151  |
|    adv_reward_scaled... | 0.000931 |
|    adv_reward_squash... | 0.0023   |
|    adv_reward_squash... | 0.00151  |
|    adv_reward_squash... | 0.000931 |
|    adv_reward_temper... | 500      |
| loss/                   |          |
|    approx_kl            | 0.26     |
|    entropy_loss         | -0.927   |
|    policy_loss          | 0.0368   |
|    value_loss           | 0.000215 |
| stat/                   |          |
|    constraint_violation | 1.31e+04 |
|    ep_constraint_vio... | 20.5     |
|    ep_length            | 27.9     |
|    ep_return            | 5.79     |
|    ep_reward            | 0.291    |
|    step_time            | 0.615    |
| stat_eval/              |          |
|    constraint_violation | 94.8     |
|    ep_length            | 150      |
|    ep_return            | 0.196    |
|    ep_reward            | 0.00131  |
|    mse                  | 573      |
|    step_time            | 4.35     |
| time/                   |          |
|    progress             | 0.2      |
|    step                 | 2e+04    |
--------------------------------------

Checkpoint | ./models/cartpole_adv_v5/model_latest.pt
Eval | ep_lengths 150.00 +/- 0.00 | ep_return 0.197 +/- 0.002

--------------------------------------
| adv_reward/             |          |
|    adv_reward_raw_max   | 1.38     |
|    adv_reward_raw_mean  | 0.987    |
|    adv_reward_raw_min   | 0.542    |
|    adv_reward_scaled... | 0.00276  |
|    adv_reward_scaled... | 0.00197  |
|    adv_reward_scaled... | 0.00108  |
|    adv_reward_squash... | 0.00276  |
|    adv_reward_squash... | 0.00197  |
|    adv_reward_squash... | 0.00108  |
|    adv_reward_temper... | 500      |
| loss/                   |          |
|    approx_kl            | 0.201    |
|    entropy_loss         | -0.927   |
|    policy_loss          | 0.0831   |
|    value_loss           | 0.000255 |
| stat/                   |          |
|    constraint_violation | 1.46e+04 |
|    ep_constraint_vio... | 14       |
|    ep_length            | 17.3     |
|    ep_return            | 7.81     |
|    ep_reward            | 0.412    |
|    step_time            | 0.664    |
| stat_eval/              |          |
|    constraint_violation | 116      |
|    ep_length            | 150      |
|    ep_return            | 0.197    |
|    ep_reward            | 0.00131  |
|    mse                  | 615      |
|    step_time            | 5.38     |
| time/                   |          |
|    progress             | 0.22     |
|    step                 | 2.2e+04  |
--------------------------------------

Checkpoint | ./models/cartpole_adv_v5/model_latest.pt
Eval | ep_lengths 150.00 +/- 0.00 | ep_return 0.197 +/- 0.002

--------------------------------------
| adv_reward/             |          |
|    adv_reward_raw_max   | 2.3      |
|    adv_reward_raw_mean  | 1.79     |
|    adv_reward_raw_min   | 1.52     |
|    adv_reward_scaled... | 0.00461  |
|    adv_reward_scaled... | 0.00358  |
|    adv_reward_scaled... | 0.00304  |
|    adv_reward_squash... | 0.00461  |
|    adv_reward_squash... | 0.00358  |
|    adv_reward_squash... | 0.00304  |
|    adv_reward_temper... | 500      |
| loss/                   |          |
|    approx_kl            | 0.313    |
|    entropy_loss         | -0.927   |
|    policy_loss          | 0.0251   |
|    value_loss           | 7.4e-05  |
| stat/                   |          |
|    constraint_violation | 1.61e+04 |
|    ep_constraint_vio... | 22.7     |
|    ep_length            | 32.8     |
|    ep_return            | 8.67     |
|    ep_reward            | 0.335    |
|    step_time            | 0.606    |
| stat_eval/              |          |
|    constraint_violation | 97.9     |
|    ep_length            | 150      |
|    ep_return            | 0.197    |
|    ep_reward            | 0.00131  |
|    mse                  | 576      |
|    step_time            | 5.67     |
| time/                   |          |
|    progress             | 0.24     |
|    step                 | 2.4e+04  |
--------------------------------------

Checkpoint | ./models/cartpole_adv_v5/model_latest.pt
Eval | ep_lengths 150.00 +/- 0.00 | ep_return 0.197 +/- 0.004

--------------------------------------
| adv_reward/             |          |
|    adv_reward_raw_max   | 1.2      |
|    adv_reward_raw_mean  | 0.899    |
|    adv_reward_raw_min   | 0.512    |
|    adv_reward_scaled... | 0.00239  |
|    adv_reward_scaled... | 0.0018   |
|    adv_reward_scaled... | 0.00102  |
|    adv_reward_squash... | 0.00239  |
|    adv_reward_squash... | 0.0018   |
|    adv_reward_squash... | 0.00102  |
|    adv_reward_temper... | 500      |
| loss/                   |          |
|    approx_kl            | 0.184    |
|    entropy_loss         | -0.927   |
|    policy_loss          | 0.0378   |
|    value_loss           | 0.00022  |
| stat/                   |          |
|    constraint_violation | 1.74e+04 |
|    ep_constraint_vio... | 22.9     |
|    ep_length            | 28.9     |
|    ep_return            | 7.88     |
|    ep_reward            | 0.389    |
|    step_time            | 0.775    |
| stat_eval/              |          |
|    constraint_violation | 107      |
|    ep_length            | 150      |
|    ep_return            | 0.197    |
|    ep_reward            | 0.00131  |
|    mse                  | 607      |
|    step_time            | 6.11     |
| time/                   |          |
|    progress             | 0.26     |
|    step                 | 2.6e+04  |
--------------------------------------

Checkpoint | ./models/cartpole_adv_v5/model_latest.pt
Eval | ep_lengths 150.00 +/- 0.00 | ep_return 0.197 +/- 0.003

--------------------------------------
| adv_reward/             |          |
|    adv_reward_raw_max   | 1.08     |
|    adv_reward_raw_mean  | 0.816    |
|    adv_reward_raw_min   | 0.501    |
|    adv_reward_scaled... | 0.00217  |
|    adv_reward_scaled... | 0.00163  |
|    adv_reward_scaled... | 0.001    |
|    adv_reward_squash... | 0.00217  |
|    adv_reward_squash... | 0.00163  |
|    adv_reward_squash... | 0.001    |
|    adv_reward_temper... | 500      |
| loss/                   |          |
|    approx_kl            | 0.227    |
|    entropy_loss         | -0.927   |
|    policy_loss          | 0.0472   |
|    value_loss           | 0.00023  |
| stat/                   |          |
|    constraint_violation | 1.88e+04 |
|    ep_constraint_vio... | 14       |
|    ep_length            | 18       |
|    ep_return            | 6.57     |
|    ep_reward            | 0.347    |
|    step_time            | 0.774    |
| stat_eval/              |          |
|    constraint_violation | 119      |
|    ep_length            | 150      |
|    ep_return            | 0.197    |
|    ep_reward            | 0.00132  |
|    mse                  | 628      |
|    step_time            | 6.24     |
| time/                   |          |
|    progress             | 0.28     |
|    step                 | 2.8e+04  |
--------------------------------------

Checkpoint | ./models/cartpole_adv_v5/model_latest.pt
Eval | ep_lengths 150.00 +/- 0.00 | ep_return 0.196 +/- 0.003

--------------------------------------
| adv_reward/             |          |
|    adv_reward_raw_max   | 1.59     |
|    adv_reward_raw_mean  | 1.27     |
|    adv_reward_raw_min   | 0.731    |
|    adv_reward_scaled... | 0.00317  |
|    adv_reward_scaled... | 0.00255  |
|    adv_reward_scaled... | 0.00146  |
|    adv_reward_squash... | 0.00317  |
|    adv_reward_squash... | 0.00255  |
|    adv_reward_squash... | 0.00146  |
|    adv_reward_temper... | 500      |
| loss/                   |          |
|    approx_kl            | 0.381    |
|    entropy_loss         | -0.927   |
|    policy_loss          | 0.054    |
|    value_loss           | 4.94e-05 |
| stat/                   |          |
|    constraint_violation | 2.03e+04 |
|    ep_constraint_vio... | 23.8     |
|    ep_length            | 31.8     |
|    ep_return            | 8.46     |
|    ep_reward            | 0.379    |
|    step_time            | 1.21     |
| stat_eval/              |          |
|    constraint_violation | 108      |
|    ep_length            | 150      |
|    ep_return            | 0.196    |
|    ep_reward            | 0.00131  |
|    mse                  | 596      |
|    step_time            | 5.88     |
| time/                   |          |
|    progress             | 0.3      |
|    step                 | 3e+04    |
--------------------------------------

Checkpoint | ./models/cartpole_adv_v5/model_latest.pt
Eval | ep_lengths 150.00 +/- 0.00 | ep_return 0.195 +/- 0.004

--------------------------------------
| adv_reward/             |          |
|    adv_reward_raw_max   | 1.15     |
|    adv_reward_raw_mean  | 0.825    |
|    adv_reward_raw_min   | 0.376    |
|    adv_reward_scaled... | 0.00231  |
|    adv_reward_scaled... | 0.00165  |
|    adv_reward_scaled... | 0.000752 |
|    adv_reward_squash... | 0.00231  |
|    adv_reward_squash... | 0.00165  |
|    adv_reward_squash... | 0.000752 |
|    adv_reward_temper... | 500      |
| loss/                   |          |
|    approx_kl            | 0.188    |
|    entropy_loss         | -0.926   |
|    policy_loss          | 0.0163   |
|    value_loss           | 0.000216 |
| stat/                   |          |
|    constraint_violation | 2.16e+04 |
|    ep_constraint_vio... | 18.7     |
|    ep_length            | 32.3     |
|    ep_return            | 11       |
|    ep_reward            | 0.407    |
|    step_time            | 0.791    |
| stat_eval/              |          |
|    constraint_violation | 104      |
|    ep_length            | 150      |
|    ep_return            | 0.195    |
|    ep_reward            | 0.0013   |
|    mse                  | 581      |
|    step_time            | 4.92     |
| time/                   |          |
|    progress             | 0.32     |
|    step                 | 3.2e+04  |
--------------------------------------

Checkpoint | ./models/cartpole_adv_v5/model_latest.pt
Eval | ep_lengths 150.00 +/- 0.00 | ep_return 0.193 +/- 0.007

--------------------------------------
| adv_reward/             |          |
|    adv_reward_raw_max   | 1.54     |
|    adv_reward_raw_mean  | 0.972    |
|    adv_reward_raw_min   | 0.724    |
|    adv_reward_scaled... | 0.00308  |
|    adv_reward_scaled... | 0.00194  |
|    adv_reward_scaled... | 0.00145  |
|    adv_reward_squash... | 0.00308  |
|    adv_reward_squash... | 0.00194  |
|    adv_reward_squash... | 0.00145  |
|    adv_reward_temper... | 500      |
| loss/                   |          |
|    approx_kl            | 0.0341   |
|    entropy_loss         | -0.928   |
|    policy_loss          | 0.472    |
|    value_loss           | 0.000288 |
| stat/                   |          |
|    constraint_violation | 2.3e+04  |
|    ep_constraint_vio... | 15.3     |
|    ep_length            | 18.1     |
|    ep_return            | 6.68     |
|    ep_reward            | 0.357    |
|    step_time            | 0.61     |
| stat_eval/              |          |
|    constraint_violation | 109      |
|    ep_length            | 150      |
|    ep_return            | 0.193    |
|    ep_reward            | 0.00128  |
|    mse                  | 617      |
|    step_time            | 4.38     |
| time/                   |          |
|    progress             | 0.34     |
|    step                 | 3.4e+04  |
--------------------------------------

Checkpoint | ./models/cartpole_adv_v5/model_latest.pt
Eval | ep_lengths 150.00 +/- 0.00 | ep_return 0.196 +/- 0.004

--------------------------------------
| adv_reward/             |          |
|    adv_reward_raw_max   | 1.39     |
|    adv_reward_raw_mean  | 1.12     |
|    adv_reward_raw_min   | 0.842    |
|    adv_reward_scaled... | 0.00278  |
|    adv_reward_scaled... | 0.00225  |
|    adv_reward_scaled... | 0.00168  |
|    adv_reward_squash... | 0.00278  |
|    adv_reward_squash... | 0.00225  |
|    adv_reward_squash... | 0.00168  |
|    adv_reward_temper... | 500      |
| loss/                   |          |
|    approx_kl            | 0.693    |
|    entropy_loss         | -0.93    |
|    policy_loss          | 0.0752   |
|    value_loss           | 6.45e-05 |
| stat/                   |          |
|    constraint_violation | 2.45e+04 |
|    ep_constraint_vio... | 24.3     |
|    ep_length            | 34.2     |
|    ep_return            | 12.9     |
|    ep_reward            | 0.41     |
|    step_time            | 0.642    |
| stat_eval/              |          |
|    constraint_violation | 117      |
|    ep_length            | 150      |
|    ep_return            | 0.196    |
|    ep_reward            | 0.00131  |
|    mse                  | 627      |
|    step_time            | 4.76     |
| time/                   |          |
|    progress             | 0.36     |
|    step                 | 3.6e+04  |
--------------------------------------

Checkpoint | ./models/cartpole_adv_v5/model_latest.pt
Eval | ep_lengths 150.00 +/- 0.00 | ep_return 0.197 +/- 0.004

--------------------------------------
| adv_reward/             |          |
|    adv_reward_raw_max   | 1.67     |
|    adv_reward_raw_mean  | 0.972    |
|    adv_reward_raw_min   | 0.48     |
|    adv_reward_scaled... | 0.00334  |
|    adv_reward_scaled... | 0.00194  |
|    adv_reward_scaled... | 0.00096  |
|    adv_reward_squash... | 0.00334  |
|    adv_reward_squash... | 0.00194  |
|    adv_reward_squash... | 0.00096  |
|    adv_reward_temper... | 500      |
| loss/                   |          |
|    approx_kl            | 0.374    |
|    entropy_loss         | -0.93    |
|    policy_loss          | 0.0187   |
|    value_loss           | 0.0002   |
| stat/                   |          |
|    constraint_violation | 2.58e+04 |
|    ep_constraint_vio... | 25.5     |
|    ep_length            | 32.5     |
|    ep_return            | 6.95     |
|    ep_reward            | 0.273    |
|    step_time            | 0.681    |
| stat_eval/              |          |
|    constraint_violation | 120      |
|    ep_length            | 150      |
|    ep_return            | 0.197    |
|    ep_reward            | 0.00132  |
|    mse                  | 653      |
|    step_time            | 5.87     |
| time/                   |          |
|    progress             | 0.38     |
|    step                 | 3.8e+04  |
--------------------------------------

Checkpoint | ./models/cartpole_adv_v5/model_latest.pt
Eval | ep_lengths 150.00 +/- 0.00 | ep_return 0.196 +/- 0.005

--------------------------------------
| adv_reward/             |          |
|    adv_reward_raw_max   | 1.13     |
|    adv_reward_raw_mean  | 0.854    |
|    adv_reward_raw_min   | 0.661    |
|    adv_reward_scaled... | 0.00226  |
|    adv_reward_scaled... | 0.00171  |
|    adv_reward_scaled... | 0.00132  |
|    adv_reward_squash... | 0.00226  |
|    adv_reward_squash... | 0.00171  |
|    adv_reward_squash... | 0.00132  |
|    adv_reward_temper... | 500      |
| loss/                   |          |
|    approx_kl            | 0.723    |
|    entropy_loss         | -0.933   |
|    policy_loss          | 0.0813   |
|    value_loss           | 0.000195 |
| stat/                   |          |
|    constraint_violation | 2.71e+04 |
|    ep_constraint_vio... | 13.6     |
|    ep_length            | 20.3     |
|    ep_return            | 9.23     |
|    ep_reward            | 0.407    |
|    step_time            | 0.666    |
| stat_eval/              |          |
|    constraint_violation | 116      |
|    ep_length            | 150      |
|    ep_return            | 0.196    |
|    ep_reward            | 0.00131  |
|    mse                  | 623      |
|    step_time            | 7.65     |
| time/                   |          |
|    progress             | 0.4      |
|    step                 | 4e+04    |
--------------------------------------

Checkpoint | ./models/cartpole_adv_v5/model_latest.pt
Eval | ep_lengths 150.00 +/- 0.00 | ep_return 0.199 +/- 0.004

--------------------------------------
| adv_reward/             |          |
|    adv_reward_raw_max   | 2.3      |
|    adv_reward_raw_mean  | 1.61     |
|    adv_reward_raw_min   | 1.15     |
|    adv_reward_scaled... | 0.00461  |
|    adv_reward_scaled... | 0.00322  |
|    adv_reward_scaled... | 0.0023   |
|    adv_reward_squash... | 0.00461  |
|    adv_reward_squash... | 0.00322  |
|    adv_reward_squash... | 0.0023   |
|    adv_reward_temper... | 500      |
| loss/                   |          |
|    approx_kl            | 0.956    |
|    entropy_loss         | -0.933   |
|    policy_loss          | 0.0799   |
|    value_loss           | 4.74e-05 |
| stat/                   |          |
|    constraint_violation | 2.87e+04 |
|    ep_constraint_vio... | 25.2     |
|    ep_length            | 31.2     |
|    ep_return            | 6.77     |
|    ep_reward            | 0.276    |
|    step_time            | 0.62     |
| stat_eval/              |          |
|    constraint_violation | 130      |
|    ep_length            | 150      |
|    ep_return            | 0.199    |
|    ep_reward            | 0.00133  |
|    mse                  | 662      |
|    step_time            | 6.42     |
| time/                   |          |
|    progress             | 0.42     |
|    step                 | 4.2e+04  |
--------------------------------------

Checkpoint | ./models/cartpole_adv_v5/model_latest.pt
Eval | ep_lengths 150.00 +/- 0.00 | ep_return 0.194 +/- 0.006

--------------------------------------
| adv_reward/             |          |
|    adv_reward_raw_max   | 1.05     |
|    adv_reward_raw_mean  | 0.672    |
|    adv_reward_raw_min   | 0.411    |
|    adv_reward_scaled... | 0.0021   |
|    adv_reward_scaled... | 0.00134  |
|    adv_reward_scaled... | 0.000821 |
|    adv_reward_squash... | 0.0021   |
|    adv_reward_squash... | 0.00134  |
|    adv_reward_squash... | 0.000821 |
|    adv_reward_temper... | 500      |
| loss/                   |          |
|    approx_kl            | 0.916    |
|    entropy_loss         | -0.933   |
|    policy_loss          | 0.0585   |
|    value_loss           | 0.000113 |
| stat/                   |          |
|    constraint_violation | 3.01e+04 |
|    ep_constraint_vio... | 24.4     |
|    ep_length            | 32.4     |
|    ep_return            | 8.3      |
|    ep_reward            | 0.3      |
|    step_time            | 0.726    |
| stat_eval/              |          |
|    constraint_violation | 110      |
|    ep_length            | 150      |
|    ep_return            | 0.194    |
|    ep_reward            | 0.0013   |
|    mse                  | 622      |
|    step_time            | 4.9      |
| time/                   |          |
|    progress             | 0.44     |
|    step                 | 4.4e+04  |
--------------------------------------

Checkpoint | ./models/cartpole_adv_v5/model_latest.pt
Eval | ep_lengths 150.00 +/- 0.00 | ep_return 0.198 +/- 0.002

--------------------------------------
| adv_reward/             |          |
|    adv_reward_raw_max   | 1.02     |
|    adv_reward_raw_mean  | 0.884    |
|    adv_reward_raw_min   | 0.674    |
|    adv_reward_scaled... | 0.00204  |
|    adv_reward_scaled... | 0.00177  |
|    adv_reward_scaled... | 0.00135  |
|    adv_reward_squash... | 0.00204  |
|    adv_reward_squash... | 0.00177  |
|    adv_reward_squash... | 0.00135  |
|    adv_reward_temper... | 500      |
| loss/                   |          |
|    approx_kl            | 0.775    |
|    entropy_loss         | -0.933   |
|    policy_loss          | 0.0625   |
|    value_loss           | 0.000183 |
| stat/                   |          |
|    constraint_violation | 3.17e+04 |
|    ep_constraint_vio... | 15.3     |
|    ep_length            | 18.7     |
|    ep_return            | 6.74     |
|    ep_reward            | 0.33     |
|    step_time            | 0.647    |
| stat_eval/              |          |
|    constraint_violation | 130      |
|    ep_length            | 150      |
|    ep_return            | 0.198    |
|    ep_reward            | 0.00132  |
|    mse                  | 651      |
|    step_time            | 4.88     |
| time/                   |          |
|    progress             | 0.46     |
|    step                 | 4.6e+04  |
--------------------------------------

Checkpoint | ./models/cartpole_adv_v5/model_latest.pt
Eval | ep_lengths 150.00 +/- 0.00 | ep_return 0.194 +/- 0.003

--------------------------------------
| adv_reward/             |          |
|    adv_reward_raw_max   | 2.38     |
|    adv_reward_raw_mean  | 1.56     |
|    adv_reward_raw_min   | 1.07     |
|    adv_reward_scaled... | 0.00476  |
|    adv_reward_scaled... | 0.00312  |
|    adv_reward_scaled... | 0.00214  |
|    adv_reward_squash... | 0.00476  |
|    adv_reward_squash... | 0.00312  |
|    adv_reward_squash... | 0.00214  |
|    adv_reward_temper... | 500      |
| loss/                   |          |
|    approx_kl            | 0.862    |
|    entropy_loss         | -0.933   |
|    policy_loss          | 0.0454   |
|    value_loss           | 8.53e-05 |
| stat/                   |          |
|    constraint_violation | 3.33e+04 |
|    ep_constraint_vio... | 22.2     |
|    ep_length            | 33.4     |
|    ep_return            | 9.95     |
|    ep_reward            | 0.331    |
|    step_time            | 1.78     |
| stat_eval/              |          |
|    constraint_violation | 110      |
|    ep_length            | 150      |
|    ep_return            | 0.194    |
|    ep_reward            | 0.00129  |
|    mse                  | 586      |
|    step_time            | 6.75     |
| time/                   |          |
|    progress             | 0.48     |
|    step                 | 4.8e+04  |
--------------------------------------

Checkpoint | ./models/cartpole_adv_v5/model_latest.pt
Eval | ep_lengths 150.00 +/- 0.00 | ep_return 0.193 +/- 0.005

--------------------------------------
| adv_reward/             |          |
|    adv_reward_raw_max   | 1.35     |
|    adv_reward_raw_mean  | 1        |
|    adv_reward_raw_min   | 0.651    |
|    adv_reward_scaled... | 0.00271  |
|    adv_reward_scaled... | 0.00201  |
|    adv_reward_scaled... | 0.0013   |
|    adv_reward_squash... | 0.00271  |
|    adv_reward_squash... | 0.00201  |
|    adv_reward_squash... | 0.0013   |
|    adv_reward_temper... | 500      |
| loss/                   |          |
|    approx_kl            | 0.87     |
|    entropy_loss         | -0.933   |
|    policy_loss          | 0.0194   |
|    value_loss           | 0.000119 |
| stat/                   |          |
|    constraint_violation | 3.47e+04 |
|    ep_constraint_vio... | 28.4     |
|    ep_length            | 34.7     |
|    ep_return            | 8.92     |
|    ep_reward            | 0.341    |
|    step_time            | 0.71     |
| stat_eval/              |          |
|    constraint_violation | 99.5     |
|    ep_length            | 150      |
|    ep_return            | 0.193    |
|    ep_reward            | 0.00129  |
|    mse                  | 614      |
|    step_time            | 5.92     |
| time/                   |          |
|    progress             | 0.5      |
|    step                 | 5e+04    |
--------------------------------------

Checkpoint | ./models/cartpole_adv_v5/model_latest.pt
Eval | ep_lengths 150.00 +/- 0.00 | ep_return 0.196 +/- 0.003

--------------------------------------
| adv_reward/             |          |
|    adv_reward_raw_max   | 0.867    |
|    adv_reward_raw_mean  | 0.797    |
|    adv_reward_raw_min   | 0.66     |
|    adv_reward_scaled... | 0.00173  |
|    adv_reward_scaled... | 0.00159  |
|    adv_reward_scaled... | 0.00132  |
|    adv_reward_squash... | 0.00173  |
|    adv_reward_squash... | 0.00159  |
|    adv_reward_squash... | 0.00132  |
|    adv_reward_temper... | 500      |
| loss/                   |          |
|    approx_kl            | 0.584    |
|    entropy_loss         | -0.932   |
|    policy_loss          | 0.0682   |
|    value_loss           | 0.000142 |
| stat/                   |          |
|    constraint_violation | 3.62e+04 |
|    ep_constraint_vio... | 15.2     |
|    ep_length            | 17.6     |
|    ep_return            | 5.59     |
|    ep_reward            | 0.297    |
|    step_time            | 0.64     |
| stat_eval/              |          |
|    constraint_violation | 116      |
|    ep_length            | 150      |
|    ep_return            | 0.196    |
|    ep_reward            | 0.0013   |
|    mse                  | 581      |
|    step_time            | 4.61     |
| time/                   |          |
|    progress             | 0.52     |
|    step                 | 5.2e+04  |
--------------------------------------

Checkpoint | ./models/cartpole_adv_v5/model_latest.pt
Eval | ep_lengths 150.00 +/- 0.00 | ep_return 0.195 +/- 0.003

--------------------------------------
| adv_reward/             |          |
|    adv_reward_raw_max   | 2.87     |
|    adv_reward_raw_mean  | 1.28     |
|    adv_reward_raw_min   | 0.519    |
|    adv_reward_scaled... | 0.00574  |
|    adv_reward_scaled... | 0.00255  |
|    adv_reward_scaled... | 0.00104  |
|    adv_reward_squash... | 0.00574  |
|    adv_reward_squash... | 0.00255  |
|    adv_reward_squash... | 0.00104  |
|    adv_reward_temper... | 500      |
| loss/                   |          |
|    approx_kl            | 0.568    |
|    entropy_loss         | -0.932   |
|    policy_loss          | 0.0914   |
|    value_loss           | 3.01e-05 |
| stat/                   |          |
|    constraint_violation | 3.76e+04 |
|    ep_constraint_vio... | 20.2     |
|    ep_length            | 32.6     |
|    ep_return            | 10.9     |
|    ep_reward            | 0.374    |
|    step_time            | 1.38     |
| stat_eval/              |          |
|    constraint_violation | 116      |
|    ep_length            | 150      |
|    ep_return            | 0.195    |
|    ep_reward            | 0.0013   |
|    mse                  | 586      |
|    step_time            | 7.22     |
| time/                   |          |
|    progress             | 0.54     |
|    step                 | 5.4e+04  |
--------------------------------------

Checkpoint | ./models/cartpole_adv_v5/model_latest.pt
Eval | ep_lengths 150.00 +/- 0.00 | ep_return 0.195 +/- 0.004

--------------------------------------
| adv_reward/             |          |
|    adv_reward_raw_max   | 2.79     |
|    adv_reward_raw_mean  | 1.32     |
|    adv_reward_raw_min   | 0.675    |
|    adv_reward_scaled... | 0.00558  |
|    adv_reward_scaled... | 0.00265  |
|    adv_reward_scaled... | 0.00135  |
|    adv_reward_squash... | 0.00558  |
|    adv_reward_squash... | 0.00265  |
|    adv_reward_squash... | 0.00135  |
|    adv_reward_temper... | 500      |
| loss/                   |          |
|    approx_kl            | 0.741    |
|    entropy_loss         | -0.932   |
|    policy_loss          | 0.0952   |
|    value_loss           | 5.57e-05 |
| stat/                   |          |
|    constraint_violation | 3.91e+04 |
|    ep_constraint_vio... | 25.2     |
|    ep_length            | 30.7     |
|    ep_return            | 7.1      |
|    ep_reward            | 0.3      |
|    step_time            | 0.773    |
| stat_eval/              |          |
|    constraint_violation | 115      |
|    ep_length            | 150      |
|    ep_return            | 0.195    |
|    ep_reward            | 0.0013   |
|    mse                  | 583      |
|    step_time            | 5.3      |
| time/                   |          |
|    progress             | 0.56     |
|    step                 | 5.6e+04  |
--------------------------------------

Checkpoint | ./models/cartpole_adv_v5/model_latest.pt
Eval | ep_lengths 150.00 +/- 0.00 | ep_return 0.193 +/- 0.003

--------------------------------------
| adv_reward/             |          |
|    adv_reward_raw_max   | 0.753    |
|    adv_reward_raw_mean  | 0.593    |
|    adv_reward_raw_min   | 0.467    |
|    adv_reward_scaled... | 0.00151  |
|    adv_reward_scaled... | 0.00119  |
|    adv_reward_scaled... | 0.000934 |
|    adv_reward_squash... | 0.00151  |
|    adv_reward_squash... | 0.00119  |
|    adv_reward_squash... | 0.000934 |
|    adv_reward_temper... | 500      |
| loss/                   |          |
|    approx_kl            | 0.587    |
|    entropy_loss         | -0.932   |
|    policy_loss          | 0.074    |
|    value_loss           | 0.000131 |
| stat/                   |          |
|    constraint_violation | 4.05e+04 |
|    ep_constraint_vio... | 15.9     |
|    ep_length            | 21       |
|    ep_return            | 7.89     |
|    ep_reward            | 0.36     |
|    step_time            | 0.942    |
| stat_eval/              |          |
|    constraint_violation | 111      |
|    ep_length            | 150      |
|    ep_return            | 0.193    |
|    ep_reward            | 0.00129  |
|    mse                  | 546      |
|    step_time            | 8.12     |
| time/                   |          |
|    progress             | 0.58     |
|    step                 | 5.8e+04  |
--------------------------------------

Checkpoint | ./models/cartpole_adv_v5/model_latest.pt
Eval | ep_lengths 150.00 +/- 0.00 | ep_return 0.198 +/- 0.003

--------------------------------------
| adv_reward/             |          |
|    adv_reward_raw_max   | 2.09     |
|    adv_reward_raw_mean  | 1.66     |
|    adv_reward_raw_min   | 0.771    |
|    adv_reward_scaled... | 0.00419  |
|    adv_reward_scaled... | 0.00332  |
|    adv_reward_scaled... | 0.00154  |
|    adv_reward_squash... | 0.00419  |
|    adv_reward_squash... | 0.00332  |
|    adv_reward_squash... | 0.00154  |
|    adv_reward_temper... | 500      |
| loss/                   |          |
|    approx_kl            | 0.751    |
|    entropy_loss         | -0.932   |
|    policy_loss          | 0.0458   |
|    value_loss           | 4.77e-05 |
| stat/                   |          |
|    constraint_violation | 4.2e+04  |
|    ep_constraint_vio... | 26.8     |
|    ep_length            | 30.8     |
|    ep_return            | 6.15     |
|    ep_reward            | 0.278    |
|    step_time            | 0.978    |
| stat_eval/              |          |
|    constraint_violation | 122      |
|    ep_length            | 150      |
|    ep_return            | 0.198    |
|    ep_reward            | 0.00132  |
|    mse                  | 629      |
|    step_time            | 5.43     |
| time/                   |          |
|    progress             | 0.6      |
|    step                 | 6e+04    |
--------------------------------------

Checkpoint | ./models/cartpole_adv_v5/model_latest.pt
Eval | ep_lengths 150.00 +/- 0.00 | ep_return 0.197 +/- 0.003

--------------------------------------
| adv_reward/             |          |
|    adv_reward_raw_max   | 1.06     |
|    adv_reward_raw_mean  | 0.736    |
|    adv_reward_raw_min   | 0.545    |
|    adv_reward_scaled... | 0.00213  |
|    adv_reward_scaled... | 0.00147  |
|    adv_reward_scaled... | 0.00109  |
|    adv_reward_squash... | 0.00213  |
|    adv_reward_squash... | 0.00147  |
|    adv_reward_squash... | 0.00109  |
|    adv_reward_temper... | 500      |
| loss/                   |          |
|    approx_kl            | 0.777    |
|    entropy_loss         | -0.932   |
|    policy_loss          | 0.0971   |
|    value_loss           | 8.16e-05 |
| stat/                   |          |
|    constraint_violation | 4.34e+04 |
|    ep_constraint_vio... | 25.3     |
|    ep_length            | 32.2     |
|    ep_return            | 7.51     |
|    ep_reward            | 0.268    |
|    step_time            | 0.781    |
| stat_eval/              |          |
|    constraint_violation | 119      |
|    ep_length            | 150      |
|    ep_return            | 0.197    |
|    ep_reward            | 0.00131  |
|    mse                  | 614      |
|    step_time            | 7.36     |
| time/                   |          |
|    progress             | 0.62     |
|    step                 | 6.2e+04  |
--------------------------------------

Checkpoint | ./models/cartpole_adv_v5/model_latest.pt
Eval | ep_lengths 150.00 +/- 0.00 | ep_return 0.198 +/- 0.005

--------------------------------------
| adv_reward/             |          |
|    adv_reward_raw_max   | 0.994    |
|    adv_reward_raw_mean  | 0.753    |
|    adv_reward_raw_min   | 0.569    |
|    adv_reward_scaled... | 0.00199  |
|    adv_reward_scaled... | 0.00151  |
|    adv_reward_scaled... | 0.00114  |
|    adv_reward_squash... | 0.00199  |
|    adv_reward_squash... | 0.00151  |
|    adv_reward_squash... | 0.00114  |
|    adv_reward_temper... | 500      |
| loss/                   |          |
|    approx_kl            | 0.529    |
|    entropy_loss         | -0.932   |
|    policy_loss          | 0.0474   |
|    value_loss           | 0.00016  |
| stat/                   |          |
|    constraint_violation | 4.49e+04 |
|    ep_constraint_vio... | 16.7     |
|    ep_length            | 24.1     |
|    ep_return            | 10.2     |
|    ep_reward            | 0.397    |
|    step_time            | 0.625    |
| stat_eval/              |          |
|    constraint_violation | 115      |
|    ep_length            | 150      |
|    ep_return            | 0.198    |
|    ep_reward            | 0.00132  |
|    mse                  | 606      |
|    step_time            | 6.62     |
| time/                   |          |
|    progress             | 0.64     |
|    step                 | 6.4e+04  |
--------------------------------------

Checkpoint | ./models/cartpole_adv_v5/model_latest.pt
Eval | ep_lengths 150.00 +/- 0.00 | ep_return 0.195 +/- 0.004

--------------------------------------
| adv_reward/             |          |
|    adv_reward_raw_max   | 3.06     |
|    adv_reward_raw_mean  | 1.88     |
|    adv_reward_raw_min   | 1.16     |
|    adv_reward_scaled... | 0.00611  |
|    adv_reward_scaled... | 0.00377  |
|    adv_reward_scaled... | 0.00232  |
|    adv_reward_squash... | 0.00611  |
|    adv_reward_squash... | 0.00377  |
|    adv_reward_squash... | 0.00232  |
|    adv_reward_temper... | 500      |
| loss/                   |          |
|    approx_kl            | 0.781    |
|    entropy_loss         | -0.932   |
|    policy_loss          | 0.0828   |
|    value_loss           | 4.32e-05 |
| stat/                   |          |
|    constraint_violation | 4.65e+04 |
|    ep_constraint_vio... | 25.2     |
|    ep_length            | 32.8     |
|    ep_return            | 7.78     |
|    ep_reward            | 0.291    |
|    step_time            | 0.691    |
| stat_eval/              |          |
|    constraint_violation | 118      |
|    ep_length            | 150      |
|    ep_return            | 0.195    |
|    ep_reward            | 0.0013   |
|    mse                  | 584      |
|    step_time            | 6.62     |
| time/                   |          |
|    progress             | 0.66     |
|    step                 | 6.6e+04  |
--------------------------------------

Checkpoint | ./models/cartpole_adv_v5/model_latest.pt
Eval | ep_lengths 150.00 +/- 0.00 | ep_return 0.197 +/- 0.003

--------------------------------------
| adv_reward/             |          |
|    adv_reward_raw_max   | 1.42     |
|    adv_reward_raw_mean  | 0.772    |
|    adv_reward_raw_min   | 0.41     |
|    adv_reward_scaled... | 0.00284  |
|    adv_reward_scaled... | 0.00154  |
|    adv_reward_scaled... | 0.00082  |
|    adv_reward_squash... | 0.00284  |
|    adv_reward_squash... | 0.00154  |
|    adv_reward_squash... | 0.00082  |
|    adv_reward_temper... | 500      |
| loss/                   |          |
|    approx_kl            | 0.769    |
|    entropy_loss         | -0.932   |
|    policy_loss          | 0.0413   |
|    value_loss           | 0.00014  |
| stat/                   |          |
|    constraint_violation | 4.78e+04 |
|    ep_constraint_vio... | 23.8     |
|    ep_length            | 30.4     |
|    ep_return            | 7.36     |
|    ep_reward            | 0.283    |
|    step_time            | 0.687    |
| stat_eval/              |          |
|    constraint_violation | 124      |
|    ep_length            | 150      |
|    ep_return            | 0.197    |
|    ep_reward            | 0.00131  |
|    mse                  | 623      |
|    step_time            | 4.73     |
| time/                   |          |
|    progress             | 0.68     |
|    step                 | 6.8e+04  |
--------------------------------------

Checkpoint | ./models/cartpole_adv_v5/model_latest.pt
Eval | ep_lengths 150.00 +/- 0.00 | ep_return 0.197 +/- 0.002

--------------------------------------
| adv_reward/             |          |
|    adv_reward_raw_max   | 2.96     |
|    adv_reward_raw_mean  | 1.42     |
|    adv_reward_raw_min   | 0.655    |
|    adv_reward_scaled... | 0.00591  |
|    adv_reward_scaled... | 0.00284  |
|    adv_reward_scaled... | 0.00131  |
|    adv_reward_squash... | 0.00591  |
|    adv_reward_squash... | 0.00284  |
|    adv_reward_squash... | 0.00131  |
|    adv_reward_temper... | 500      |
| loss/                   |          |
|    approx_kl            | 0.43     |
|    entropy_loss         | -0.932   |
|    policy_loss          | 0.0214   |
|    value_loss           | 0.000212 |
| stat/                   |          |
|    constraint_violation | 4.94e+04 |
|    ep_constraint_vio... | 14.9     |
|    ep_length            | 18.7     |
|    ep_return            | 7.51     |
|    ep_reward            | 0.36     |
|    step_time            | 0.743    |
| stat_eval/              |          |
|    constraint_violation | 114      |
|    ep_length            | 150      |
|    ep_return            | 0.197    |
|    ep_reward            | 0.00131  |
|    mse                  | 586      |
|    step_time            | 7.38     |
| time/                   |          |
|    progress             | 0.7      |
|    step                 | 7e+04    |
--------------------------------------

Checkpoint | ./models/cartpole_adv_v5/model_latest.pt
Eval | ep_lengths 150.00 +/- 0.00 | ep_return 0.195 +/- 0.004

--------------------------------------
| adv_reward/             |          |
|    adv_reward_raw_max   | 2.34     |
|    adv_reward_raw_mean  | 1.35     |
|    adv_reward_raw_min   | 0.696    |
|    adv_reward_scaled... | 0.00467  |
|    adv_reward_scaled... | 0.00269  |
|    adv_reward_scaled... | 0.00139  |
|    adv_reward_squash... | 0.00467  |
|    adv_reward_squash... | 0.00269  |
|    adv_reward_squash... | 0.00139  |
|    adv_reward_temper... | 500      |
| loss/                   |          |
|    approx_kl            | 0.721    |
|    entropy_loss         | -0.932   |
|    policy_loss          | 0.0579   |
|    value_loss           | 3.48e-05 |
| stat/                   |          |
|    constraint_violation | 5.09e+04 |
|    ep_constraint_vio... | 23.4     |
|    ep_length            | 30.3     |
|    ep_return            | 8.55     |
|    ep_reward            | 0.331    |
|    step_time            | 0.598    |
| stat_eval/              |          |
|    constraint_violation | 118      |
|    ep_length            | 150      |
|    ep_return            | 0.195    |
|    ep_reward            | 0.0013   |
|    mse                  | 581      |
|    step_time            | 4.71     |
| time/                   |          |
|    progress             | 0.72     |
|    step                 | 7.2e+04  |
--------------------------------------

Checkpoint | ./models/cartpole_adv_v5/model_latest.pt
Eval | ep_lengths 150.00 +/- 0.00 | ep_return 0.198 +/- 0.004

--------------------------------------
| adv_reward/             |          |
|    adv_reward_raw_max   | 1.26     |
|    adv_reward_raw_mean  | 0.83     |
|    adv_reward_raw_min   | 0.506    |
|    adv_reward_scaled... | 0.00252  |
|    adv_reward_scaled... | 0.00166  |
|    adv_reward_scaled... | 0.00101  |
|    adv_reward_squash... | 0.00252  |
|    adv_reward_squash... | 0.00166  |
|    adv_reward_squash... | 0.00101  |
|    adv_reward_temper... | 500      |
| loss/                   |          |
|    approx_kl            | 0.643    |
|    entropy_loss         | -0.932   |
|    policy_loss          | 0.0034   |
|    value_loss           | 0.000224 |
| stat/                   |          |
|    constraint_violation | 5.22e+04 |
|    ep_constraint_vio... | 26.8     |
|    ep_length            | 33.3     |
|    ep_return            | 8.28     |
|    ep_reward            | 0.316    |
|    step_time            | 0.853    |
| stat_eval/              |          |
|    constraint_violation | 125      |
|    ep_length            | 150      |
|    ep_return            | 0.198    |
|    ep_reward            | 0.00132  |
|    mse                  | 628      |
|    step_time            | 8.41     |
| time/                   |          |
|    progress             | 0.74     |
|    step                 | 7.4e+04  |
--------------------------------------

Checkpoint | ./models/cartpole_adv_v5/model_latest.pt
Eval | ep_lengths 150.00 +/- 0.00 | ep_return 0.196 +/- 0.004

--------------------------------------
| adv_reward/             |          |
|    adv_reward_raw_max   | 1.01     |
|    adv_reward_raw_mean  | 0.779    |
|    adv_reward_raw_min   | 0.654    |
|    adv_reward_scaled... | 0.00201  |
|    adv_reward_scaled... | 0.00156  |
|    adv_reward_scaled... | 0.00131  |
|    adv_reward_squash... | 0.00201  |
|    adv_reward_squash... | 0.00156  |
|    adv_reward_squash... | 0.00131  |
|    adv_reward_temper... | 500      |
| loss/                   |          |
|    approx_kl            | 0.598    |
|    entropy_loss         | -0.932   |
|    policy_loss          | 0.0667   |
|    value_loss           | 0.000148 |
| stat/                   |          |
|    constraint_violation | 5.37e+04 |
|    ep_constraint_vio... | 17.2     |
|    ep_length            | 24.8     |
|    ep_return            | 10.3     |
|    ep_reward            | 0.372    |
|    step_time            | 0.646    |
| stat_eval/              |          |
|    constraint_violation | 119      |
|    ep_length            | 150      |
|    ep_return            | 0.196    |
|    ep_reward            | 0.00131  |
|    mse                  | 594      |
|    step_time            | 6.63     |
| time/                   |          |
|    progress             | 0.76     |
|    step                 | 7.6e+04  |
--------------------------------------

Checkpoint | ./models/cartpole_adv_v5/model_latest.pt
Eval | ep_lengths 150.00 +/- 0.00 | ep_return 0.195 +/- 0.004

--------------------------------------
| adv_reward/             |          |
|    adv_reward_raw_max   | 1.4      |
|    adv_reward_raw_mean  | 1.17     |
|    adv_reward_raw_min   | 0.844    |
|    adv_reward_scaled... | 0.00279  |
|    adv_reward_scaled... | 0.00235  |
|    adv_reward_scaled... | 0.00169  |
|    adv_reward_squash... | 0.00279  |
|    adv_reward_squash... | 0.00235  |
|    adv_reward_squash... | 0.00169  |
|    adv_reward_temper... | 500      |
| loss/                   |          |
|    approx_kl            | 0.594    |
|    entropy_loss         | -0.932   |
|    policy_loss          | 0.0878   |
|    value_loss           | 3.97e-05 |
| stat/                   |          |
|    constraint_violation | 5.53e+04 |
|    ep_constraint_vio... | 18.7     |
|    ep_length            | 28.6     |
|    ep_return            | 7.42     |
|    ep_reward            | 0.285    |
|    step_time            | 0.622    |
| stat_eval/              |          |
|    constraint_violation | 114      |
|    ep_length            | 150      |
|    ep_return            | 0.195    |
|    ep_reward            | 0.0013   |
|    mse                  | 578      |
|    step_time            | 4.99     |
| time/                   |          |
|    progress             | 0.78     |
|    step                 | 7.8e+04  |
--------------------------------------

Checkpoint | ./models/cartpole_adv_v5/model_latest.pt
Eval | ep_lengths 150.00 +/- 0.00 | ep_return 0.194 +/- 0.004

--------------------------------------
| adv_reward/             |          |
|    adv_reward_raw_max   | 1.04     |
|    adv_reward_raw_mean  | 0.709    |
|    adv_reward_raw_min   | 0.53     |
|    adv_reward_scaled... | 0.00208  |
|    adv_reward_scaled... | 0.00142  |
|    adv_reward_scaled... | 0.00106  |
|    adv_reward_squash... | 0.00208  |
|    adv_reward_squash... | 0.00142  |
|    adv_reward_squash... | 0.00106  |
|    adv_reward_temper... | 500      |
| loss/                   |          |
|    approx_kl            | 0.752    |
|    entropy_loss         | -0.932   |
|    policy_loss          | 0.0463   |
|    value_loss           | 0.000113 |
| stat/                   |          |
|    constraint_violation | 5.67e+04 |
|    ep_constraint_vio... | 26.5     |
|    ep_length            | 31       |
|    ep_return            | 7.2      |
|    ep_reward            | 0.302    |
|    step_time            | 0.622    |
| stat_eval/              |          |
|    constraint_violation | 116      |
|    ep_length            | 150      |
|    ep_return            | 0.194    |
|    ep_reward            | 0.0013   |
|    mse                  | 572      |
|    step_time            | 4.34     |
| time/                   |          |
|    progress             | 0.8      |
|    step                 | 8e+04    |
--------------------------------------

Checkpoint | ./models/cartpole_adv_v5/model_latest.pt
Eval | ep_lengths 150.00 +/- 0.00 | ep_return 0.198 +/- 0.003

--------------------------------------
| adv_reward/             |          |
|    adv_reward_raw_max   | 1.15     |
|    adv_reward_raw_mean  | 0.819    |
|    adv_reward_raw_min   | 0.5      |
|    adv_reward_scaled... | 0.0023   |
|    adv_reward_scaled... | 0.00164  |
|    adv_reward_scaled... | 0.001    |
|    adv_reward_squash... | 0.0023   |
|    adv_reward_squash... | 0.00164  |
|    adv_reward_squash... | 0.001    |
|    adv_reward_temper... | 500      |
| loss/                   |          |
|    approx_kl            | 0.636    |
|    entropy_loss         | -0.932   |
|    policy_loss          | 0.117    |
|    value_loss           | 7.68e-05 |
| stat/                   |          |
|    constraint_violation | 5.82e+04 |
|    ep_constraint_vio... | 13.4     |
|    ep_length            | 15.6     |
|    ep_return            | 3.6      |
|    ep_reward            | 0.22     |
|    step_time            | 0.715    |
| stat_eval/              |          |
|    constraint_violation | 126      |
|    ep_length            | 150      |
|    ep_return            | 0.198    |
|    ep_reward            | 0.00132  |
|    mse                  | 633      |
|    step_time            | 4.79     |
| time/                   |          |
|    progress             | 0.82     |
|    step                 | 8.2e+04  |
--------------------------------------

Checkpoint | ./models/cartpole_adv_v5/model_latest.pt
Eval | ep_lengths 150.00 +/- 0.00 | ep_return 0.197 +/- 0.004

--------------------------------------
| adv_reward/             |          |
|    adv_reward_raw_max   | 1.39     |
|    adv_reward_raw_mean  | 1.2      |
|    adv_reward_raw_min   | 0.821    |
|    adv_reward_scaled... | 0.00278  |
|    adv_reward_scaled... | 0.00239  |
|    adv_reward_scaled... | 0.00164  |
|    adv_reward_squash... | 0.00278  |
|    adv_reward_squash... | 0.00239  |
|    adv_reward_squash... | 0.00164  |
|    adv_reward_temper... | 500      |
| loss/                   |          |
|    approx_kl            | 0.754    |
|    entropy_loss         | -0.932   |
|    policy_loss          | 0.0899   |
|    value_loss           | 5.86e-05 |
| stat/                   |          |
|    constraint_violation | 5.98e+04 |
|    ep_constraint_vio... | 24.3     |
|    ep_length            | 31       |
|    ep_return            | 7.73     |
|    ep_reward            | 0.266    |
|    step_time            | 1.63     |
| stat_eval/              |          |
|    constraint_violation | 119      |
|    ep_length            | 150      |
|    ep_return            | 0.197    |
|    ep_reward            | 0.00132  |
|    mse                  | 613      |
|    step_time            | 6.41     |
| time/                   |          |
|    progress             | 0.84     |
|    step                 | 8.4e+04  |
--------------------------------------

Checkpoint | ./models/cartpole_adv_v5/model_latest.pt
Eval | ep_lengths 150.00 +/- 0.00 | ep_return 0.197 +/- 0.003

--------------------------------------
| adv_reward/             |          |
|    adv_reward_raw_max   | 0.773    |
|    adv_reward_raw_mean  | 0.634    |
|    adv_reward_raw_min   | 0.499    |
|    adv_reward_scaled... | 0.00155  |
|    adv_reward_scaled... | 0.00127  |
|    adv_reward_scaled... | 0.000997 |
|    adv_reward_squash... | 0.00155  |
|    adv_reward_squash... | 0.00127  |
|    adv_reward_squash... | 0.000997 |
|    adv_reward_temper... | 500      |
| loss/                   |          |
|    approx_kl            | 0.718    |
|    entropy_loss         | -0.932   |
|    policy_loss          | 0.0696   |
|    value_loss           | 8e-05    |
| stat/                   |          |
|    constraint_violation | 6.13e+04 |
|    ep_constraint_vio... | 28.1     |
|    ep_length            | 32.7     |
|    ep_return            | 7.73     |
|    ep_reward            | 0.322    |
|    step_time            | 0.663    |
| stat_eval/              |          |
|    constraint_violation | 117      |
|    ep_length            | 150      |
|    ep_return            | 0.197    |
|    ep_reward            | 0.00131  |
|    mse                  | 604      |
|    step_time            | 4.83     |
| time/                   |          |
|    progress             | 0.86     |
|    step                 | 8.6e+04  |
--------------------------------------

Checkpoint | ./models/cartpole_adv_v5/model_latest.pt
Eval | ep_lengths 150.00 +/- 0.00 | ep_return 0.197 +/- 0.004

--------------------------------------
| adv_reward/             |          |
|    adv_reward_raw_max   | 1.4      |
|    adv_reward_raw_mean  | 1.02     |
|    adv_reward_raw_min   | 0.656    |
|    adv_reward_scaled... | 0.0028   |
|    adv_reward_scaled... | 0.00204  |
|    adv_reward_scaled... | 0.00131  |
|    adv_reward_squash... | 0.0028   |
|    adv_reward_squash... | 0.00204  |
|    adv_reward_squash... | 0.00131  |
|    adv_reward_temper... | 500      |
| loss/                   |          |
|    approx_kl            | 0.573    |
|    entropy_loss         | -0.932   |
|    policy_loss          | 0.0547   |
|    value_loss           | 0.000178 |
| stat/                   |          |
|    constraint_violation | 6.27e+04 |
|    ep_constraint_vio... | 15.2     |
|    ep_length            | 17.6     |
|    ep_return            | 6.11     |
|    ep_reward            | 0.326    |
|    step_time            | 0.654    |
| stat_eval/              |          |
|    constraint_violation | 122      |
|    ep_length            | 150      |
|    ep_return            | 0.197    |
|    ep_reward            | 0.00131  |
|    mse                  | 617      |
|    step_time            | 4.6      |
| time/                   |          |
|    progress             | 0.88     |
|    step                 | 8.8e+04  |
--------------------------------------

Checkpoint | ./models/cartpole_adv_v5/model_latest.pt
Eval | ep_lengths 150.00 +/- 0.00 | ep_return 0.195 +/- 0.004

--------------------------------------
| adv_reward/             |          |
|    adv_reward_raw_max   | 2.75     |
|    adv_reward_raw_mean  | 1.53     |
|    adv_reward_raw_min   | 0.715    |
|    adv_reward_scaled... | 0.00551  |
|    adv_reward_scaled... | 0.00306  |
|    adv_reward_scaled... | 0.00143  |
|    adv_reward_squash... | 0.00551  |
|    adv_reward_squash... | 0.00306  |
|    adv_reward_squash... | 0.00143  |
|    adv_reward_temper... | 500      |
| loss/                   |          |
|    approx_kl            | 0.744    |
|    entropy_loss         | -0.932   |
|    policy_loss          | 0.0807   |
|    value_loss           | 2.96e-05 |
| stat/                   |          |
|    constraint_violation | 6.43e+04 |
|    ep_constraint_vio... | 24.9     |
|    ep_length            | 28.1     |
|    ep_return            | 4.41     |
|    ep_reward            | 0.2      |
|    step_time            | 0.623    |
| stat_eval/              |          |
|    constraint_violation | 115      |
|    ep_length            | 150      |
|    ep_return            | 0.195    |
|    ep_reward            | 0.0013   |
|    mse                  | 566      |
|    step_time            | 4.61     |
| time/                   |          |
|    progress             | 0.9      |
|    step                 | 9e+04    |
--------------------------------------

Checkpoint | ./models/cartpole_adv_v5/model_latest.pt
Eval | ep_lengths 150.00 +/- 0.00 | ep_return 0.196 +/- 0.003

--------------------------------------
| adv_reward/             |          |
|    adv_reward_raw_max   | 1.71     |
|    adv_reward_raw_mean  | 1.12     |
|    adv_reward_raw_min   | 0.651    |
|    adv_reward_scaled... | 0.00342  |
|    adv_reward_scaled... | 0.00224  |
|    adv_reward_scaled... | 0.0013   |
|    adv_reward_squash... | 0.00342  |
|    adv_reward_squash... | 0.00224  |
|    adv_reward_squash... | 0.0013   |
|    adv_reward_temper... | 500      |
| loss/                   |          |
|    approx_kl            | 0.74     |
|    entropy_loss         | -0.932   |
|    policy_loss          | 0.0309   |
|    value_loss           | 0.000167 |
| stat/                   |          |
|    constraint_violation | 6.57e+04 |
|    ep_constraint_vio... | 23.5     |
|    ep_length            | 30.1     |
|    ep_return            | 6.82     |
|    ep_reward            | 0.274    |
|    step_time            | 0.631    |
| stat_eval/              |          |
|    constraint_violation | 118      |
|    ep_length            | 150      |
|    ep_return            | 0.196    |
|    ep_reward            | 0.00131  |
|    mse                  | 608      |
|    step_time            | 5.13     |
| time/                   |          |
|    progress             | 0.92     |
|    step                 | 9.2e+04  |
--------------------------------------

Checkpoint | ./models/cartpole_adv_v5/model_latest.pt
Eval | ep_lengths 150.00 +/- 0.00 | ep_return 0.196 +/- 0.002

--------------------------------------
| adv_reward/             |          |
|    adv_reward_raw_max   | 1.1      |
|    adv_reward_raw_mean  | 0.789    |
|    adv_reward_raw_min   | 0.614    |
|    adv_reward_scaled... | 0.0022   |
|    adv_reward_scaled... | 0.00158  |
|    adv_reward_scaled... | 0.00123  |
|    adv_reward_squash... | 0.0022   |
|    adv_reward_squash... | 0.00158  |
|    adv_reward_squash... | 0.00123  |
|    adv_reward_temper... | 500      |
| loss/                   |          |
|    approx_kl            | 0.555    |
|    entropy_loss         | -0.932   |
|    policy_loss          | 0.0311   |
|    value_loss           | 0.000124 |
| stat/                   |          |
|    constraint_violation | 6.72e+04 |
|    ep_constraint_vio... | 15.7     |
|    ep_length            | 20       |
|    ep_return            | 7.31     |
|    ep_reward            | 0.346    |
|    step_time            | 0.938    |
| stat_eval/              |          |
|    constraint_violation | 115      |
|    ep_length            | 150      |
|    ep_return            | 0.196    |
|    ep_reward            | 0.00131  |
|    mse                  | 592      |
|    step_time            | 7.41     |
| time/                   |          |
|    progress             | 0.94     |
|    step                 | 9.4e+04  |
--------------------------------------

Checkpoint | ./models/cartpole_adv_v5/model_latest.pt
Eval | ep_lengths 150.00 +/- 0.00 | ep_return 0.196 +/- 0.003

--------------------------------------
| adv_reward/             |          |
|    adv_reward_raw_max   | 1.53     |
|    adv_reward_raw_mean  | 1.35     |
|    adv_reward_raw_min   | 1.25     |
|    adv_reward_scaled... | 0.00305  |
|    adv_reward_scaled... | 0.00269  |
|    adv_reward_scaled... | 0.0025   |
|    adv_reward_squash... | 0.00305  |
|    adv_reward_squash... | 0.00269  |
|    adv_reward_squash... | 0.0025   |
|    adv_reward_temper... | 500      |
| loss/                   |          |
|    approx_kl            | 0.765    |
|    entropy_loss         | -0.931   |
|    policy_loss          | 0.0543   |
|    value_loss           | 3.87e-05 |
| stat/                   |          |
|    constraint_violation | 6.87e+04 |
|    ep_constraint_vio... | 27.2     |
|    ep_length            | 37.4     |
|    ep_return            | 10.7     |
|    ep_reward            | 0.368    |
|    step_time            | 0.808    |
| stat_eval/              |          |
|    constraint_violation | 120      |
|    ep_length            | 150      |
|    ep_return            | 0.196    |
|    ep_reward            | 0.00131  |
|    mse                  | 600      |
|    step_time            | 5.67     |
| time/                   |          |
|    progress             | 0.96     |
|    step                 | 9.6e+04  |
--------------------------------------

Checkpoint | ./models/cartpole_adv_v5/model_latest.pt
Eval | ep_lengths 150.00 +/- 0.00 | ep_return 0.196 +/- 0.004

--------------------------------------
| adv_reward/             |          |
|    adv_reward_raw_max   | 0.836    |
|    adv_reward_raw_mean  | 0.625    |
|    adv_reward_raw_min   | 0.508    |
|    adv_reward_scaled... | 0.00167  |
|    adv_reward_scaled... | 0.00125  |
|    adv_reward_scaled... | 0.00102  |
|    adv_reward_squash... | 0.00167  |
|    adv_reward_squash... | 0.00125  |
|    adv_reward_squash... | 0.00102  |
|    adv_reward_temper... | 500      |
| loss/                   |          |
|    approx_kl            | 0.499    |
|    entropy_loss         | -0.931   |
|    policy_loss          | 0.0402   |
|    value_loss           | 0.000172 |
| stat/                   |          |
|    constraint_violation | 7.02e+04 |
|    ep_constraint_vio... | 24       |
|    ep_length            | 29       |
|    ep_return            | 5.52     |
|    ep_reward            | 0.267    |
|    step_time            | 0.775    |
| stat_eval/              |          |
|    constraint_violation | 111      |
|    ep_length            | 150      |
|    ep_return            | 0.196    |
|    ep_reward            | 0.00131  |
|    mse                  | 592      |
|    step_time            | 5.12     |
| time/                   |          |
|    progress             | 0.98     |
|    step                 | 9.8e+04  |
--------------------------------------

Checkpoint | ./models/cartpole_adv_v5/model_latest.pt
Eval | ep_lengths 150.00 +/- 0.00 | ep_return 0.199 +/- 0.002

--------------------------------------
| adv_reward/             |          |
|    adv_reward_raw_max   | 1.42     |
|    adv_reward_raw_mean  | 0.922    |
|    adv_reward_raw_min   | 0.644    |
|    adv_reward_scaled... | 0.00283  |
|    adv_reward_scaled... | 0.00184  |
|    adv_reward_scaled... | 0.00129  |
|    adv_reward_squash... | 0.00283  |
|    adv_reward_squash... | 0.00184  |
|    adv_reward_squash... | 0.00129  |
|    adv_reward_temper... | 500      |
| loss/                   |          |
|    approx_kl            | 0.612    |
|    entropy_loss         | -0.931   |
|    policy_loss          | 0.0755   |
|    value_loss           | 0.000124 |
| stat/                   |          |
|    constraint_violation | 7.16e+04 |
|    ep_constraint_vio... | 15.9     |
|    ep_length            | 20.6     |
|    ep_return            | 8.05     |
|    ep_reward            | 0.349    |
|    step_time            | 0.718    |
| stat_eval/              |          |
|    constraint_violation | 118      |
|    ep_length            | 150      |
|    ep_return            | 0.199    |
|    ep_reward            | 0.00133  |
|    mse                  | 632      |
|    step_time            | 5.78     |
| time/                   |          |
|    progress             | 1        |
|    step                 | 1e+05    |
--------------------------------------

Training done.
Plotting done.
