step,loss/approx_kl
10000,21.5488622546196
20000,24.797899997234346
30000,6.563174875080586
40000,17.202239632606506
50000,10.028995448350907
60000,11.214141055941582
70000,13.455960273742676
80000,10.552873170375824
90000,15.957803511619568
100000,11.105318462848663
110000,9.07910788655281
120000,12.73458422422409
130000,28.39274009466171
140000,21.512391483783723
150000,17.492579758167267
160000,21.7560676574707
170000,34.508134269714354
180000,25.882427036762238
190000,27.355958116054534
200000,13.403065633773803
210000,35.38168604373932
220000,22.974601578712463
230000,17.890279865264894
240000,28.462370204925538
250000,23.444486689567565
260000,20.85492947101593
270000,16.415070033073427
280000,27.719645190238953
290000,16.404879093170166
300000,17.34403889775276
310000,24.68585259914398
320000,29.142674374580384
330000,16.216476374864577
340000,28.647288656234743
350000,31.158699321746827
360000,32.67122192382813
370000,20.21383558511734
380000,15.773368579149246
390000,24.262552940845488
400000,15.260147297382355
410000,26.39799382686615
420000,16.852067691087722
430000,27.937432289123535
440000,23.93392449617386
450000,24.53404325246811
460000,29.863329792022704
470000,24.612147676944733
480000,32.45243272781372
490000,24.198425424098968
500000,21.58117402791977
